C:\Users\superman\TEAM_PORYGON\byu-ee-427-labs\HelloWorld\implementation\system.ngc 1472679834
C:/Users/superman/TEAM_PORYGON/byu-ee-427-labs/HelloWorld/implementation/push_buttons_5bits_wrapper.ngc 1472679793
C:/Users/superman/TEAM_PORYGON/byu-ee-427-labs/HelloWorld/implementation/dip_switches_8bits_wrapper.ngc 1472679806
C:/Users/superman/TEAM_PORYGON/byu-ee-427-labs/HelloWorld/implementation/rs232_uart_1_wrapper.ngc 1472679786
C:/Users/superman/TEAM_PORYGON/byu-ee-427-labs/HelloWorld/implementation/proc_sys_reset_0_wrapper.ngc 1472679693
C:/Users/superman/TEAM_PORYGON/byu-ee-427-labs/HelloWorld/implementation/clock_generator_0_wrapper.ngc 1472679819
C:/Users/superman/TEAM_PORYGON/byu-ee-427-labs/HelloWorld/implementation/microblaze_0_ilmb_wrapper.ngc 1472679809
C:/Users/superman/TEAM_PORYGON/byu-ee-427-labs/HelloWorld/implementation/microblaze_0_dlmb_wrapper.ngc 1472679812
C:/Users/superman/TEAM_PORYGON/byu-ee-427-labs/HelloWorld/implementation/axi4lite_0_wrapper.ngc 1472679822
C:/Users/superman/TEAM_PORYGON/byu-ee-427-labs/HelloWorld/implementation/microblaze_0_wrapper.ngc 1472679816
C:/Users/superman/TEAM_PORYGON/byu-ee-427-labs/HelloWorld/implementation/microblaze_0_i_bram_ctrl_wrapper.ngc 1472679702
C:/Users/superman/TEAM_PORYGON/byu-ee-427-labs/HelloWorld/implementation/microblaze_0_d_bram_ctrl_wrapper.ngc 1472679710
C:/Users/superman/TEAM_PORYGON/byu-ee-427-labs/HelloWorld/implementation/debug_module_wrapper.ngc 1472679767
C:/Users/superman/TEAM_PORYGON/byu-ee-427-labs/HelloWorld/implementation/leds_8bits_wrapper.ngc 1472679799
C:/Users/superman/TEAM_PORYGON/byu-ee-427-labs/HelloWorld/implementation/microblaze_0_bram_block_wrapper.ngc 1472679716
OK
