C:\Users\superman\Desktop\byu-ee-427-labs\SpaceInvadersHW_Pit_fit_7seg\implementation\system.ngc 1479341688
C:/Users/superman/Desktop/byu-ee-427-labs/SpaceInvadersHW_Pit_fit_7seg/implementation/push_buttons_5bits_wrapper.ngc 1479341627
C:/Users/superman/Desktop/byu-ee-427-labs/SpaceInvadersHW_Pit_fit_7seg/implementation/rs232_uart_1_wrapper.ngc 1479341627
C:/Users/superman/Desktop/byu-ee-427-labs/SpaceInvadersHW_Pit_fit_7seg/implementation/proc_sys_reset_0_wrapper.ngc 1479341627
C:/Users/superman/Desktop/byu-ee-427-labs/SpaceInvadersHW_Pit_fit_7seg/implementation/clock_generator_0_wrapper.ngc 1479341666
C:/Users/superman/Desktop/byu-ee-427-labs/SpaceInvadersHW_Pit_fit_7seg/implementation/axi_hdmi_0_wrapper.ngc 1479341627
C:/Users/superman/Desktop/byu-ee-427-labs/SpaceInvadersHW_Pit_fit_7seg/implementation/axi_ac97_0_wrapper.ngc 1479341645
C:/Users/superman/Desktop/byu-ee-427-labs/SpaceInvadersHW_Pit_fit_7seg/implementation/microblaze_0_ilmb_wrapper.ngc 1479341627
C:/Users/superman/Desktop/byu-ee-427-labs/SpaceInvadersHW_Pit_fit_7seg/implementation/microblaze_0_dlmb_wrapper.ngc 1479341627
C:/Users/superman/Desktop/byu-ee-427-labs/SpaceInvadersHW_Pit_fit_7seg/implementation/mcb_ddr2_wrapper.ngc 1479341627
C:/Users/superman/Desktop/byu-ee-427-labs/SpaceInvadersHW_Pit_fit_7seg/implementation/axi4lite_0_wrapper.ngc 1479341627
C:/Users/superman/Desktop/byu-ee-427-labs/SpaceInvadersHW_Pit_fit_7seg/implementation/axi4_0_wrapper.ngc 1479341627
C:/Users/superman/Desktop/byu-ee-427-labs/SpaceInvadersHW_Pit_fit_7seg/implementation/microblaze_0_wrapper.ngc 1479341627
C:/Users/superman/Desktop/byu-ee-427-labs/SpaceInvadersHW_Pit_fit_7seg/implementation/axi_vdma_0_wrapper.ngc 1479341627
C:/Users/superman/Desktop/byu-ee-427-labs/SpaceInvadersHW_Pit_fit_7seg/implementation/axi_intc_0_wrapper.ngc 1479341627
C:/Users/superman/Desktop/byu-ee-427-labs/SpaceInvadersHW_Pit_fit_7seg/implementation/microblaze_0_i_bram_ctrl_wrapper.ngc 1479341627
C:/Users/superman/Desktop/byu-ee-427-labs/SpaceInvadersHW_Pit_fit_7seg/implementation/microblaze_0_d_bram_ctrl_wrapper.ngc 1479341627
C:/Users/superman/Desktop/byu-ee-427-labs/SpaceInvadersHW_Pit_fit_7seg/implementation/debug_module_wrapper.ngc 1479341627
C:/Users/superman/Desktop/byu-ee-427-labs/SpaceInvadersHW_Pit_fit_7seg/implementation/axi_timer_0_wrapper.ngc 1479341627
C:/Users/superman/Desktop/byu-ee-427-labs/SpaceInvadersHW_Pit_fit_7seg/implementation/fit_timer_0_wrapper.ngc 1479341627
C:/Users/superman/Desktop/byu-ee-427-labs/SpaceInvadersHW_Pit_fit_7seg/implementation/pit_0_wrapper.ngc 1479341653
C:/Users/superman/Desktop/byu-ee-427-labs/SpaceInvadersHW_Pit_fit_7seg/implementation/score_display_2_0_wrapper.ngc 1479341663
C:/Users/superman/Desktop/byu-ee-427-labs/SpaceInvadersHW_Pit_fit_7seg/implementation/microblaze_0_bram_block_wrapper.ngc 1479341627
OK
