C:\Users\superman\Desktop\Okazaki\SpaceInvadersHW_Pit_fit\implementation\system.ngc 1481243135
C:/Users/superman/Desktop/Okazaki/SpaceInvadersHW_Pit_fit/implementation/push_buttons_5bits_wrapper.ngc 1481243033
C:/Users/superman/Desktop/Okazaki/SpaceInvadersHW_Pit_fit/implementation/switches_7bits_wrapper.ngc 1481243105
C:/Users/superman/Desktop/Okazaki/SpaceInvadersHW_Pit_fit/implementation/rs232_uart_1_wrapper.ngc 1481243033
C:/Users/superman/Desktop/Okazaki/SpaceInvadersHW_Pit_fit/implementation/proc_sys_reset_0_wrapper.ngc 1481243033
C:/Users/superman/Desktop/Okazaki/SpaceInvadersHW_Pit_fit/implementation/clock_generator_0_wrapper.ngc 1481243109
C:/Users/superman/Desktop/Okazaki/SpaceInvadersHW_Pit_fit/implementation/axi_hdmi_0_wrapper.ngc 1481243033
C:/Users/superman/Desktop/Okazaki/SpaceInvadersHW_Pit_fit/implementation/axi_ac97_0_wrapper.ngc 1481243082
C:/Users/superman/Desktop/Okazaki/SpaceInvadersHW_Pit_fit/implementation/microblaze_0_ilmb_wrapper.ngc 1481243033
C:/Users/superman/Desktop/Okazaki/SpaceInvadersHW_Pit_fit/implementation/microblaze_0_dlmb_wrapper.ngc 1481243033
C:/Users/superman/Desktop/Okazaki/SpaceInvadersHW_Pit_fit/implementation/mcb_ddr2_wrapper.ngc 1481243033
C:/Users/superman/Desktop/Okazaki/SpaceInvadersHW_Pit_fit/implementation/axi4lite_0_wrapper.ngc 1481243111
C:/Users/superman/Desktop/Okazaki/SpaceInvadersHW_Pit_fit/implementation/axi4_0_wrapper.ngc 1481243033
C:/Users/superman/Desktop/Okazaki/SpaceInvadersHW_Pit_fit/implementation/microblaze_0_wrapper.ngc 1481243033
C:/Users/superman/Desktop/Okazaki/SpaceInvadersHW_Pit_fit/implementation/axi_vdma_0_wrapper.ngc 1481243033
C:/Users/superman/Desktop/Okazaki/SpaceInvadersHW_Pit_fit/implementation/axi_intc_0_wrapper.ngc 1481243073
C:/Users/superman/Desktop/Okazaki/SpaceInvadersHW_Pit_fit/implementation/microblaze_0_i_bram_ctrl_wrapper.ngc 1481243033
C:/Users/superman/Desktop/Okazaki/SpaceInvadersHW_Pit_fit/implementation/microblaze_0_d_bram_ctrl_wrapper.ngc 1481243033
C:/Users/superman/Desktop/Okazaki/SpaceInvadersHW_Pit_fit/implementation/debug_module_wrapper.ngc 1481243033
C:/Users/superman/Desktop/Okazaki/SpaceInvadersHW_Pit_fit/implementation/pit_0_wrapper.ngc 1481243047
C:/Users/superman/Desktop/Okazaki/SpaceInvadersHW_Pit_fit/implementation/fit_timer_0_wrapper.ngc 1481243033
C:/Users/superman/Desktop/Okazaki/SpaceInvadersHW_Pit_fit/implementation/dma_0_wrapper.ngc 1481243060
C:/Users/superman/Desktop/Okazaki/SpaceInvadersHW_Pit_fit/implementation/axi_timer_0_wrapper.ngc 1481243033
C:/Users/superman/Desktop/Okazaki/SpaceInvadersHW_Pit_fit/implementation/digilent_quadspi_cntlr_wrapper.ngc 1481243033
C:/Users/superman/Desktop/Okazaki/SpaceInvadersHW_Pit_fit/implementation/microblaze_0_bram_block_wrapper.ngc 1481243033
OK
