C:\EE427\HelloWorldHW\implementation\system.ngc 1472760279
C:/EE427/HelloWorldHW/implementation/push_buttons_5bits_wrapper.ngc 1472760240
C:/EE427/HelloWorldHW/implementation/dip_switches_8bits_wrapper.ngc 1472760253
C:/EE427/HelloWorldHW/implementation/rs232_uart_1_wrapper.ngc 1472760234
C:/EE427/HelloWorldHW/implementation/proc_sys_reset_0_wrapper.ngc 1472760142
C:/EE427/HelloWorldHW/implementation/clock_generator_0_wrapper.ngc 1472760265
C:/EE427/HelloWorldHW/implementation/microblaze_0_ilmb_wrapper.ngc 1472760257
C:/EE427/HelloWorldHW/implementation/microblaze_0_dlmb_wrapper.ngc 1472760259
C:/EE427/HelloWorldHW/implementation/axi4lite_0_wrapper.ngc 1472760268
C:/EE427/HelloWorldHW/implementation/microblaze_0_wrapper.ngc 1472760262
C:/EE427/HelloWorldHW/implementation/microblaze_0_i_bram_ctrl_wrapper.ngc 1472760150
C:/EE427/HelloWorldHW/implementation/microblaze_0_d_bram_ctrl_wrapper.ngc 1472760159
C:/EE427/HelloWorldHW/implementation/debug_module_wrapper.ngc 1472760215
C:/EE427/HelloWorldHW/implementation/leds_8bits_wrapper.ngc 1472760246
C:/EE427/HelloWorldHW/implementation/microblaze_0_bram_block_wrapper.ngc 1472760164
OK
